[preview.colorlib.com/theme/halo/index.html]
[backblue.gif]
[fade.gif]
[index.html]
[preview.colorlib.com/theme/halo/img/favicon.ico]
[preview.colorlib.com/theme/halo/css/bootstrap.min.css]
[preview.colorlib.com/theme/halo/css/font-awesome.min.css]
[preview.colorlib.com/theme/halo/css/flaticon.css]
[preview.colorlib.com/theme/halo/css/animate.css]
[preview.colorlib.com/theme/halo/css/owl.carousel.css]
[preview.colorlib.com/theme/halo/css/style.css]
[preview.colorlib.com/theme/halo/about.html]
[preview.colorlib.com/theme/halo/portfolio.html]
[preview.colorlib.com/theme/halo/blog.html]
[preview.colorlib.com/theme/halo/contact.html]
[preview.colorlib.com/theme/halo/img/hero-slider/1.jpg]
[preview.colorlib.com/theme/halo/img/hero-slider/2.jpg]
[preview.colorlib.com/theme/halo/img/intro.jpg]
[preview.colorlib.com/theme/halo/img/portfolio/1.jpg]
[preview.colorlib.com/theme/halo/img/portfolio/2.jpg]
[preview.colorlib.com/theme/halo/single-work.html]
[preview.colorlib.com/theme/halo/img/portfolio/3.jpg]
[preview.colorlib.com/theme/halo/img/portfolio/4.jpg]
[preview.colorlib.com/theme/halo/img/portfolio/5.jpg]
[preview.colorlib.com/theme/halo/img/portfolio/6.jpg]
[preview.colorlib.com/theme/halo/img/portfolio/7.jpg]
[preview.colorlib.com/theme/halo/img/contact-bg.jpg]
[preview.colorlib.com/theme/halo/js/jquery-3.2.1.min.js]
[preview.colorlib.com/theme/halo/js/bootstrap.min.js]
[preview.colorlib.com/theme/halo/js/owl.carousel.min.js]
[preview.colorlib.com/theme/halo/js/mixitup.min.js]
[preview.colorlib.com/theme/halo/js/circle-progress.min.js]
[preview.colorlib.com/theme/halo/js/main.js]
[preview.colorlib.com/theme/halo/index.html]
[preview.colorlib.com/theme/halo/css/bootstrap.min.css]
[preview.colorlib.com/theme/halo/icon-fonts/fontawesome-webfont3e6e.eot]
[preview.colorlib.com/theme/halo/icon-fonts/fontawesome-webfontd41d.eot]
[preview.colorlib.com/theme/halo/icon-fonts/fontawesome-webfont3e6e.woff2]
[preview.colorlib.com/theme/halo/icon-fonts/fontawesome-webfont3e6e.woff]
[preview.colorlib.com/theme/halo/icon-fonts/fontawesome-webfont3e6e.ttf]
[preview.colorlib.com/theme/halo/css/font-awesome.min.css]
[preview.colorlib.com/theme/halo/icon-fonts/fontawesome-webfont3e6e.svg]
[preview.colorlib.com/theme/halo/icon-fonts/Flaticon.eot]
[preview.colorlib.com/theme/halo/icon-fonts/Flaticond41d.eot]
[preview.colorlib.com/theme/halo/icon-fonts/Flaticon.woff]
[preview.colorlib.com/theme/halo/icon-fonts/Flaticon.ttf]
[preview.colorlib.com/theme/halo/icon-fonts/Flaticon.svg]
[preview.colorlib.com/theme/halo/css/Flaticon.svg]
[preview.colorlib.com/theme/halo/css/flaticon.css]
[preview.colorlib.com/theme/halo/css/animate.css]
[preview.colorlib.com/theme/halo/css/owl.video.play.png]
[preview.colorlib.com/theme/halo/css/owl.carousel.css]
[preview.colorlib.com/theme/halo/css/style.css]
[preview.colorlib.com/theme/halo/img/headers-bg/1.jpg]
[preview.colorlib.com/theme/halo/img/review-bg.jpg]
[preview.colorlib.com/theme/halo/img/client.jpg]
[preview.colorlib.com/theme/halo/img/recent-thumb/1.jpg]
[preview.colorlib.com/theme/halo/img/recent-thumb/2.jpg]
[preview.colorlib.com/theme/halo/about.html]
[preview.colorlib.com/theme/halo/img/headers-bg/3.jpg]
[preview.colorlib.com/theme/halo/img/portfolio/8.jpg]
[preview.colorlib.com/theme/halo/img/portfolio/9.jpg]
[preview.colorlib.com/theme/halo/portfolio.html]
[preview.colorlib.com/theme/halo/img/portfolio/10.jpg]
[preview.colorlib.com/theme/halo/img/headers-bg/2.jpg]
[preview.colorlib.com/theme/halo/img/blog/1.jpg]
[preview.colorlib.com/theme/halo/img/blog/2.jpg]
[preview.colorlib.com/theme/halo/img/blog/3.jpg]
[preview.colorlib.com/theme/halo/blog.html]
[preview.colorlib.com/theme/halo/img/headers-bg/4.jpg]
[preview.colorlib.com/theme/halo/js/map.js]
[preview.colorlib.com/theme/halo/contact.html]
[preview.colorlib.com/theme/halo/img/work-slider/1.jpg]
[preview.colorlib.com/theme/halo/img/work-slider/2.jpg]
[preview.colorlib.com/theme/halo/single-work.html]
[preview.colorlib.com/theme/halo/icon-fonts/fontawesome-webfont3e6e.html]
[preview.colorlib.com/theme/halo/icon-fonts/fontawesome-webfont3e6e.svg]
[preview.colorlib.com/theme/halo/icon-fonts/Flaticon.html]
[preview.colorlib.com/theme/halo/icon-fonts/Flaticon.svg]
[preview.colorlib.com/theme/halo/css/Flaticon.html]
[preview.colorlib.com/theme/halo/css/owl.video.play.html]
